{"timestamp":"2026-03-01T02:06:03.227970Z","level":"info","event":"DAG bundles loaded: dags-folder","logger":"airflow.dag_processing.bundles.manager.DagBundlesManager","filename":"manager.py","lineno":179}
{"timestamp":"2026-03-01T02:06:03.228131Z","level":"info","event":"Filling up the DagBag from /Users/alikhanzadi/Desktop/Learn/Projects/coingecko_airflow_dbt/airflow_configs/dags/crypto_etl_dag.py","logger":"airflow.models.dagbag.DagBag","filename":"dagbag.py","lineno":593}
{"timestamp":"2026-03-01T02:06:03.238236Z","level":"info","event":"Tmp dir root location: /var/folders/d6/865x4f1101sbb9hn36jy_l4r0000gn/T","logger":"airflow.task.hooks.airflow.providers.standard.hooks.subprocess.SubprocessHook","filename":"subprocess.py","lineno":78}
{"timestamp":"2026-03-01T02:06:03.238349Z","level":"info","event":"Running command: ['/bin/bash', '-c', 'cd /Users/alikhanzadi/Desktop/Learn/Projects/coingecko_airflow_dbt/coingecko_dbt && dbt run']","logger":"airflow.task.hooks.airflow.providers.standard.hooks.subprocess.SubprocessHook","filename":"subprocess.py","lineno":80}
{"timestamp":"2026-03-01T02:06:03.240461Z","level":"info","event":"Output:","logger":"airflow.task.hooks.airflow.providers.standard.hooks.subprocess.SubprocessHook","filename":"subprocess.py","lineno":92}
{"timestamp":"2026-03-01T02:06:03.908634Z","level":"info","event":"\u001b[0m02:06:03  Running with dbt=1.10.15","logger":"airflow.task.hooks.airflow.providers.standard.hooks.subprocess.SubprocessHook","filename":"subprocess.py","lineno":99}
{"timestamp":"2026-03-01T02:06:04.269974Z","level":"info","event":"\u001b[0m02:06:04  Registered adapter: snowflake=1.10.3","logger":"airflow.task.hooks.airflow.providers.standard.hooks.subprocess.SubprocessHook","filename":"subprocess.py","lineno":99}
{"timestamp":"2026-03-01T02:06:04.462853Z","level":"info","event":"\u001b[0m02:06:04  Found 2 models, 1 source, 505 macros","logger":"airflow.task.hooks.airflow.providers.standard.hooks.subprocess.SubprocessHook","filename":"subprocess.py","lineno":99}
{"timestamp":"2026-03-01T02:06:04.463600Z","level":"info","event":"\u001b[0m02:06:04","logger":"airflow.task.hooks.airflow.providers.standard.hooks.subprocess.SubprocessHook","filename":"subprocess.py","lineno":99}
{"timestamp":"2026-03-01T02:06:04.463749Z","level":"info","event":"\u001b[0m02:06:04  Concurrency: 1 threads (target='dev')","logger":"airflow.task.hooks.airflow.providers.standard.hooks.subprocess.SubprocessHook","filename":"subprocess.py","lineno":99}
{"timestamp":"2026-03-01T02:06:04.463895Z","level":"info","event":"\u001b[0m02:06:04","logger":"airflow.task.hooks.airflow.providers.standard.hooks.subprocess.SubprocessHook","filename":"subprocess.py","lineno":99}
{"timestamp":"2026-03-01T02:06:05.834178Z","level":"info","event":"\u001b[0m02:06:05  1 of 2 START sql incremental model marts.fact_crypto_prices .................... [RUN]","logger":"airflow.task.hooks.airflow.providers.standard.hooks.subprocess.SubprocessHook","filename":"subprocess.py","lineno":99}
{"timestamp":"2026-03-01T02:06:09.353477Z","level":"info","event":"\u001b[0m02:06:09  1 of 2 OK created sql incremental model marts.fact_crypto_prices ............... [\u001b[32mSUCCESS 730\u001b[0m in 3.52s]","logger":"airflow.task.hooks.airflow.providers.standard.hooks.subprocess.SubprocessHook","filename":"subprocess.py","lineno":99}
{"timestamp":"2026-03-01T02:06:09.355027Z","level":"info","event":"\u001b[0m02:06:09  2 of 2 START sql view model staging.src_coingecko_historical_prices ............ [RUN]","logger":"airflow.task.hooks.airflow.providers.standard.hooks.subprocess.SubprocessHook","filename":"subprocess.py","lineno":99}
{"timestamp":"2026-03-01T02:06:09.711397Z","level":"info","event":"\u001b[0m02:06:09  2 of 2 OK created sql view model staging.src_coingecko_historical_prices ....... [\u001b[32mSUCCESS 1\u001b[0m in 0.35s]","logger":"airflow.task.hooks.airflow.providers.standard.hooks.subprocess.SubprocessHook","filename":"subprocess.py","lineno":99}
{"timestamp":"2026-03-01T02:06:09.906569Z","level":"info","event":"\u001b[0m02:06:09","logger":"airflow.task.hooks.airflow.providers.standard.hooks.subprocess.SubprocessHook","filename":"subprocess.py","lineno":99}
{"timestamp":"2026-03-01T02:06:09.907275Z","level":"info","event":"\u001b[0m02:06:09  Finished running 1 incremental model, 1 view model in 0 hours 0 minutes and 5.44 seconds (5.44s).","logger":"airflow.task.hooks.airflow.providers.standard.hooks.subprocess.SubprocessHook","filename":"subprocess.py","lineno":99}
{"timestamp":"2026-03-01T02:06:09.990567Z","level":"info","event":"\u001b[0m02:06:09","logger":"airflow.task.hooks.airflow.providers.standard.hooks.subprocess.SubprocessHook","filename":"subprocess.py","lineno":99}
{"timestamp":"2026-03-01T02:06:09.990760Z","level":"info","event":"\u001b[0m02:06:09  \u001b[32mCompleted successfully\u001b[0m","logger":"airflow.task.hooks.airflow.providers.standard.hooks.subprocess.SubprocessHook","filename":"subprocess.py","lineno":99}
{"timestamp":"2026-03-01T02:06:09.990920Z","level":"info","event":"\u001b[0m02:06:09","logger":"airflow.task.hooks.airflow.providers.standard.hooks.subprocess.SubprocessHook","filename":"subprocess.py","lineno":99}
{"timestamp":"2026-03-01T02:06:09.991134Z","level":"info","event":"\u001b[0m02:06:09  Done. PASS=2 WARN=0 ERROR=0 SKIP=0 NO-OP=0 TOTAL=2","logger":"airflow.task.hooks.airflow.providers.standard.hooks.subprocess.SubprocessHook","filename":"subprocess.py","lineno":99}
{"timestamp":"2026-03-01T02:06:10.600385Z","level":"info","event":"Command exited with return code 0","logger":"airflow.task.hooks.airflow.providers.standard.hooks.subprocess.SubprocessHook","filename":"subprocess.py","lineno":103}
{"timestamp":"2026-03-01T02:06:10.601133Z","level":"info","event":"Pushing xcom","ti":"RuntimeTaskInstance(id=UUID('019ca725-0b87-7587-8b1b-77cb9b75f784'), task_id='dbt_run', dag_id='crypto_data_pipeline', run_id='scheduled__2026-02-28T20:19:00+00:00', try_number=1, dag_version_id=UUID('019ca725-0a68-7d00-bc89-cad4157aaa52'), map_index=-1, hostname='alis-macbook-pro.local', context_carrier={}, task=<Task(BashOperator): dbt_run>, bundle_instance=LocalDagBundle(name=dags-folder), max_tries=1, start_date=datetime.datetime(2026, 3, 1, 2, 6, 2, 832744, tzinfo=datetime.timezone.utc), end_date=None, state=<TaskInstanceState.RUNNING: 'running'>, is_mapped=False, rendered_map_index=None)","logger":"task","filename":"task_runner.py","lineno":1370}
