{"timestamp":"2026-02-24T19:45:25.908248Z","level":"info","event":"DAG bundles loaded: dags-folder","logger":"airflow.dag_processing.bundles.manager.DagBundlesManager","filename":"manager.py","lineno":179}
{"timestamp":"2026-02-24T19:45:25.908418Z","level":"info","event":"Filling up the DagBag from /Users/alikhanzadi/Desktop/Learn/Projects/coingecko_airflow_dbt/airflow_configs/dags/crypto_etl_dag.py","logger":"airflow.models.dagbag.DagBag","filename":"dagbag.py","lineno":593}
{"timestamp":"2026-02-24T19:45:25.948284Z","level":"info","event":"Tmp dir root location: /var/folders/d6/865x4f1101sbb9hn36jy_l4r0000gn/T","logger":"airflow.task.hooks.airflow.providers.standard.hooks.subprocess.SubprocessHook","filename":"subprocess.py","lineno":78}
{"timestamp":"2026-02-24T19:45:25.948441Z","level":"info","event":"Running command: ['/bin/bash', '-c', 'cd /Users/alikhanzadi/Desktop/Learn/Projects/coingecko_airflow_dbt/coingecko_dbt && dbt run']","logger":"airflow.task.hooks.airflow.providers.standard.hooks.subprocess.SubprocessHook","filename":"subprocess.py","lineno":80}
{"timestamp":"2026-02-24T19:45:25.951113Z","level":"info","event":"Output:","logger":"airflow.task.hooks.airflow.providers.standard.hooks.subprocess.SubprocessHook","filename":"subprocess.py","lineno":92}
{"timestamp":"2026-02-24T19:45:26.622106Z","level":"info","event":"\u001b[0m19:45:26  Running with dbt=1.10.15","logger":"airflow.task.hooks.airflow.providers.standard.hooks.subprocess.SubprocessHook","filename":"subprocess.py","lineno":99}
{"timestamp":"2026-02-24T19:45:26.981848Z","level":"info","event":"\u001b[0m19:45:26  Registered adapter: snowflake=1.10.3","logger":"airflow.task.hooks.airflow.providers.standard.hooks.subprocess.SubprocessHook","filename":"subprocess.py","lineno":99}
{"timestamp":"2026-02-24T19:45:27.169898Z","level":"info","event":"\u001b[0m19:45:27  Found 2 models, 1 source, 505 macros","logger":"airflow.task.hooks.airflow.providers.standard.hooks.subprocess.SubprocessHook","filename":"subprocess.py","lineno":99}
{"timestamp":"2026-02-24T19:45:27.170659Z","level":"info","event":"\u001b[0m19:45:27","logger":"airflow.task.hooks.airflow.providers.standard.hooks.subprocess.SubprocessHook","filename":"subprocess.py","lineno":99}
{"timestamp":"2026-02-24T19:45:27.170814Z","level":"info","event":"\u001b[0m19:45:27  Concurrency: 1 threads (target='dev')","logger":"airflow.task.hooks.airflow.providers.standard.hooks.subprocess.SubprocessHook","filename":"subprocess.py","lineno":99}
{"timestamp":"2026-02-24T19:45:27.170950Z","level":"info","event":"\u001b[0m19:45:27","logger":"airflow.task.hooks.airflow.providers.standard.hooks.subprocess.SubprocessHook","filename":"subprocess.py","lineno":99}
{"timestamp":"2026-02-24T19:45:28.835928Z","level":"info","event":"\u001b[0m19:45:28  1 of 2 START sql incremental model marts.fact_crypto_prices .................... [RUN]","logger":"airflow.task.hooks.airflow.providers.standard.hooks.subprocess.SubprocessHook","filename":"subprocess.py","lineno":99}
{"timestamp":"2026-02-24T19:45:31.914041Z","level":"info","event":"\u001b[0m19:45:31  1 of 2 OK created sql incremental model marts.fact_crypto_prices ............... [\u001b[32mSUCCESS 0\u001b[0m in 3.08s]","logger":"airflow.task.hooks.airflow.providers.standard.hooks.subprocess.SubprocessHook","filename":"subprocess.py","lineno":99}
{"timestamp":"2026-02-24T19:45:31.915684Z","level":"info","event":"\u001b[0m19:45:31  2 of 2 START sql view model staging.src_coingecko_historical_prices ............ [RUN]","logger":"airflow.task.hooks.airflow.providers.standard.hooks.subprocess.SubprocessHook","filename":"subprocess.py","lineno":99}
{"timestamp":"2026-02-24T19:45:32.331773Z","level":"info","event":"\u001b[0m19:45:32  2 of 2 OK created sql view model staging.src_coingecko_historical_prices ....... [\u001b[32mSUCCESS 1\u001b[0m in 0.41s]","logger":"airflow.task.hooks.airflow.providers.standard.hooks.subprocess.SubprocessHook","filename":"subprocess.py","lineno":99}
{"timestamp":"2026-02-24T19:45:32.509347Z","level":"info","event":"\u001b[0m19:45:32","logger":"airflow.task.hooks.airflow.providers.standard.hooks.subprocess.SubprocessHook","filename":"subprocess.py","lineno":99}
{"timestamp":"2026-02-24T19:45:32.509892Z","level":"info","event":"\u001b[0m19:45:32  Finished running 1 incremental model, 1 view model in 0 hours 0 minutes and 5.34 seconds (5.34s).","logger":"airflow.task.hooks.airflow.providers.standard.hooks.subprocess.SubprocessHook","filename":"subprocess.py","lineno":99}
{"timestamp":"2026-02-24T19:45:32.546968Z","level":"info","event":"\u001b[0m19:45:32","logger":"airflow.task.hooks.airflow.providers.standard.hooks.subprocess.SubprocessHook","filename":"subprocess.py","lineno":99}
{"timestamp":"2026-02-24T19:45:32.547365Z","level":"info","event":"\u001b[0m19:45:32  \u001b[32mCompleted successfully\u001b[0m","logger":"airflow.task.hooks.airflow.providers.standard.hooks.subprocess.SubprocessHook","filename":"subprocess.py","lineno":99}
{"timestamp":"2026-02-24T19:45:32.547694Z","level":"info","event":"\u001b[0m19:45:32","logger":"airflow.task.hooks.airflow.providers.standard.hooks.subprocess.SubprocessHook","filename":"subprocess.py","lineno":99}
{"timestamp":"2026-02-24T19:45:32.548063Z","level":"info","event":"\u001b[0m19:45:32  Done. PASS=2 WARN=0 ERROR=0 SKIP=0 NO-OP=0 TOTAL=2","logger":"airflow.task.hooks.airflow.providers.standard.hooks.subprocess.SubprocessHook","filename":"subprocess.py","lineno":99}
{"timestamp":"2026-02-24T19:45:33.191773Z","level":"info","event":"Command exited with return code 0","logger":"airflow.task.hooks.airflow.providers.standard.hooks.subprocess.SubprocessHook","filename":"subprocess.py","lineno":103}
{"timestamp":"2026-02-24T19:45:33.192164Z","level":"info","event":"Pushing xcom","ti":"RuntimeTaskInstance(id=UUID('019c912f-57ca-7b0e-9764-fe700b7031b6'), task_id='dbt_run', dag_id='crypto_data_pipeline', run_id='manual__2026-02-24T19:35:13+00:00', try_number=1, dag_version_id=UUID('019c912f-545b-7f13-8f14-e3e663bec4f5'), map_index=-1, hostname='alis-macbook-pro.local', context_carrier={}, task=<Task(BashOperator): dbt_run>, bundle_instance=LocalDagBundle(name=dags-folder), max_tries=1, start_date=datetime.datetime(2026, 2, 24, 19, 45, 24, 959640, tzinfo=datetime.timezone.utc), end_date=None, state=<TaskInstanceState.RUNNING: 'running'>, is_mapped=False, rendered_map_index=None)","logger":"task","filename":"task_runner.py","lineno":1370}
