{"timestamp":"2026-03-01T03:43:24.780491Z","level":"info","event":"DAG bundles loaded: dags-folder","logger":"airflow.dag_processing.bundles.manager.DagBundlesManager","filename":"manager.py","lineno":179}
{"timestamp":"2026-03-01T03:43:24.780655Z","level":"info","event":"Filling up the DagBag from /Users/alikhanzadi/Desktop/Learn/Projects/coingecko_airflow_dbt/airflow_configs/dags/crypto_etl_dag.py","logger":"airflow.models.dagbag.DagBag","filename":"dagbag.py","lineno":593}
{"timestamp":"2026-03-01T03:43:24.791276Z","level":"info","event":"Tmp dir root location: /var/folders/d6/865x4f1101sbb9hn36jy_l4r0000gn/T","logger":"airflow.task.hooks.airflow.providers.standard.hooks.subprocess.SubprocessHook","filename":"subprocess.py","lineno":78}
{"timestamp":"2026-03-01T03:43:24.791390Z","level":"info","event":"Running command: ['/bin/bash', '-c', 'cd /Users/alikhanzadi/Desktop/Learn/Projects/coingecko_airflow_dbt/coingecko_dbt && dbt run']","logger":"airflow.task.hooks.airflow.providers.standard.hooks.subprocess.SubprocessHook","filename":"subprocess.py","lineno":80}
{"timestamp":"2026-03-01T03:43:24.793678Z","level":"info","event":"Output:","logger":"airflow.task.hooks.airflow.providers.standard.hooks.subprocess.SubprocessHook","filename":"subprocess.py","lineno":92}
{"timestamp":"2026-03-01T03:43:25.402756Z","level":"info","event":"\u001b[0m03:43:25  Running with dbt=1.10.15","logger":"airflow.task.hooks.airflow.providers.standard.hooks.subprocess.SubprocessHook","filename":"subprocess.py","lineno":99}
{"timestamp":"2026-03-01T03:43:25.797868Z","level":"info","event":"\u001b[0m03:43:25  Registered adapter: snowflake=1.10.3","logger":"airflow.task.hooks.airflow.providers.standard.hooks.subprocess.SubprocessHook","filename":"subprocess.py","lineno":99}
{"timestamp":"2026-03-01T03:43:25.985027Z","level":"info","event":"\u001b[0m03:43:25  Found 2 models, 1 source, 505 macros","logger":"airflow.task.hooks.airflow.providers.standard.hooks.subprocess.SubprocessHook","filename":"subprocess.py","lineno":99}
{"timestamp":"2026-03-01T03:43:25.985749Z","level":"info","event":"\u001b[0m03:43:25","logger":"airflow.task.hooks.airflow.providers.standard.hooks.subprocess.SubprocessHook","filename":"subprocess.py","lineno":99}
{"timestamp":"2026-03-01T03:43:25.985905Z","level":"info","event":"\u001b[0m03:43:25  Concurrency: 1 threads (target='dev')","logger":"airflow.task.hooks.airflow.providers.standard.hooks.subprocess.SubprocessHook","filename":"subprocess.py","lineno":99}
{"timestamp":"2026-03-01T03:43:25.986040Z","level":"info","event":"\u001b[0m03:43:25","logger":"airflow.task.hooks.airflow.providers.standard.hooks.subprocess.SubprocessHook","filename":"subprocess.py","lineno":99}
{"timestamp":"2026-03-01T03:43:27.174936Z","level":"info","event":"\u001b[0m03:43:27  1 of 2 START sql incremental model marts.fact_crypto_prices .................... [RUN]","logger":"airflow.task.hooks.airflow.providers.standard.hooks.subprocess.SubprocessHook","filename":"subprocess.py","lineno":99}
{"timestamp":"2026-03-01T03:43:30.148805Z","level":"info","event":"\u001b[0m03:43:30  1 of 2 OK created sql incremental model marts.fact_crypto_prices ............... [\u001b[32mSUCCESS 730\u001b[0m in 2.97s]","logger":"airflow.task.hooks.airflow.providers.standard.hooks.subprocess.SubprocessHook","filename":"subprocess.py","lineno":99}
{"timestamp":"2026-03-01T03:43:30.150213Z","level":"info","event":"\u001b[0m03:43:30  2 of 2 START sql view model staging.src_coingecko_historical_prices ............ [RUN]","logger":"airflow.task.hooks.airflow.providers.standard.hooks.subprocess.SubprocessHook","filename":"subprocess.py","lineno":99}
{"timestamp":"2026-03-01T03:43:30.527569Z","level":"info","event":"\u001b[0m03:43:30  2 of 2 OK created sql view model staging.src_coingecko_historical_prices ....... [\u001b[32mSUCCESS 1\u001b[0m in 0.38s]","logger":"airflow.task.hooks.airflow.providers.standard.hooks.subprocess.SubprocessHook","filename":"subprocess.py","lineno":99}
{"timestamp":"2026-03-01T03:43:30.673703Z","level":"info","event":"\u001b[0m03:43:30","logger":"airflow.task.hooks.airflow.providers.standard.hooks.subprocess.SubprocessHook","filename":"subprocess.py","lineno":99}
{"timestamp":"2026-03-01T03:43:30.674821Z","level":"info","event":"\u001b[0m03:43:30  Finished running 1 incremental model, 1 view model in 0 hours 0 minutes and 4.69 seconds (4.69s).","logger":"airflow.task.hooks.airflow.providers.standard.hooks.subprocess.SubprocessHook","filename":"subprocess.py","lineno":99}
{"timestamp":"2026-03-01T03:43:30.738458Z","level":"info","event":"\u001b[0m03:43:30","logger":"airflow.task.hooks.airflow.providers.standard.hooks.subprocess.SubprocessHook","filename":"subprocess.py","lineno":99}
{"timestamp":"2026-03-01T03:43:30.738655Z","level":"info","event":"\u001b[0m03:43:30  \u001b[32mCompleted successfully\u001b[0m","logger":"airflow.task.hooks.airflow.providers.standard.hooks.subprocess.SubprocessHook","filename":"subprocess.py","lineno":99}
{"timestamp":"2026-03-01T03:43:30.738757Z","level":"info","event":"\u001b[0m03:43:30","logger":"airflow.task.hooks.airflow.providers.standard.hooks.subprocess.SubprocessHook","filename":"subprocess.py","lineno":99}
{"timestamp":"2026-03-01T03:43:30.738908Z","level":"info","event":"\u001b[0m03:43:30  Done. PASS=2 WARN=0 ERROR=0 SKIP=0 NO-OP=0 TOTAL=2","logger":"airflow.task.hooks.airflow.providers.standard.hooks.subprocess.SubprocessHook","filename":"subprocess.py","lineno":99}
{"timestamp":"2026-03-01T03:43:31.305344Z","level":"info","event":"Command exited with return code 0","logger":"airflow.task.hooks.airflow.providers.standard.hooks.subprocess.SubprocessHook","filename":"subprocess.py","lineno":103}
{"timestamp":"2026-03-01T03:43:31.305710Z","level":"info","event":"Pushing xcom","ti":"RuntimeTaskInstance(id=UUID('019ca77e-3ab0-7d7a-b769-7410fa422242'), task_id='dbt_run', dag_id='crypto_data_pipeline', run_id='scheduled__2026-03-01T00:21:00+00:00', try_number=1, dag_version_id=UUID('019ca77e-384a-744f-92e6-e887fd3cb3f9'), map_index=-1, hostname='alis-macbook-pro.local', context_carrier={}, task=<Task(BashOperator): dbt_run>, bundle_instance=LocalDagBundle(name=dags-folder), max_tries=1, start_date=datetime.datetime(2026, 3, 1, 3, 43, 24, 424421, tzinfo=datetime.timezone.utc), end_date=None, state=<TaskInstanceState.RUNNING: 'running'>, is_mapped=False, rendered_map_index=None)","logger":"task","filename":"task_runner.py","lineno":1370}
