{"timestamp":"2026-02-26T10:08:24.024101Z","level":"info","event":"DAG bundles loaded: dags-folder","logger":"airflow.dag_processing.bundles.manager.DagBundlesManager","filename":"manager.py","lineno":179}
{"timestamp":"2026-02-26T10:08:24.024262Z","level":"info","event":"Filling up the DagBag from /Users/alikhanzadi/Desktop/Learn/Projects/coingecko_airflow_dbt/airflow_configs/dags/crypto_etl_dag.py","logger":"airflow.models.dagbag.DagBag","filename":"dagbag.py","lineno":593}
{"timestamp":"2026-02-26T10:08:24.034363Z","level":"info","event":"Tmp dir root location: /var/folders/d6/865x4f1101sbb9hn36jy_l4r0000gn/T","logger":"airflow.task.hooks.airflow.providers.standard.hooks.subprocess.SubprocessHook","filename":"subprocess.py","lineno":78}
{"timestamp":"2026-02-26T10:08:24.034482Z","level":"info","event":"Running command: ['/bin/bash', '-c', 'cd /Users/alikhanzadi/Desktop/Learn/Projects/coingecko_airflow_dbt/coingecko_dbt && dbt run']","logger":"airflow.task.hooks.airflow.providers.standard.hooks.subprocess.SubprocessHook","filename":"subprocess.py","lineno":80}
{"timestamp":"2026-02-26T10:08:24.036682Z","level":"info","event":"Output:","logger":"airflow.task.hooks.airflow.providers.standard.hooks.subprocess.SubprocessHook","filename":"subprocess.py","lineno":92}
{"timestamp":"2026-02-26T10:08:24.619295Z","level":"info","event":"\u001b[0m10:08:24  Running with dbt=1.10.15","logger":"airflow.task.hooks.airflow.providers.standard.hooks.subprocess.SubprocessHook","filename":"subprocess.py","lineno":99}
{"timestamp":"2026-02-26T10:08:25.015328Z","level":"info","event":"\u001b[0m10:08:25  Registered adapter: snowflake=1.10.3","logger":"airflow.task.hooks.airflow.providers.standard.hooks.subprocess.SubprocessHook","filename":"subprocess.py","lineno":99}
{"timestamp":"2026-02-26T10:08:25.197297Z","level":"info","event":"\u001b[0m10:08:25  Found 2 models, 1 source, 505 macros","logger":"airflow.task.hooks.airflow.providers.standard.hooks.subprocess.SubprocessHook","filename":"subprocess.py","lineno":99}
{"timestamp":"2026-02-26T10:08:25.198055Z","level":"info","event":"\u001b[0m10:08:25","logger":"airflow.task.hooks.airflow.providers.standard.hooks.subprocess.SubprocessHook","filename":"subprocess.py","lineno":99}
{"timestamp":"2026-02-26T10:08:25.198214Z","level":"info","event":"\u001b[0m10:08:25  Concurrency: 1 threads (target='dev')","logger":"airflow.task.hooks.airflow.providers.standard.hooks.subprocess.SubprocessHook","filename":"subprocess.py","lineno":99}
{"timestamp":"2026-02-26T10:08:25.198354Z","level":"info","event":"\u001b[0m10:08:25","logger":"airflow.task.hooks.airflow.providers.standard.hooks.subprocess.SubprocessHook","filename":"subprocess.py","lineno":99}
{"timestamp":"2026-02-26T10:08:26.227154Z","level":"info","event":"\u001b[0m10:08:26  1 of 2 START sql incremental model marts.fact_crypto_prices .................... [RUN]","logger":"airflow.task.hooks.airflow.providers.standard.hooks.subprocess.SubprocessHook","filename":"subprocess.py","lineno":99}
{"timestamp":"2026-02-26T10:08:29.506508Z","level":"info","event":"\u001b[0m10:08:29  1 of 2 OK created sql incremental model marts.fact_crypto_prices ............... [\u001b[32mSUCCESS 0\u001b[0m in 3.28s]","logger":"airflow.task.hooks.airflow.providers.standard.hooks.subprocess.SubprocessHook","filename":"subprocess.py","lineno":99}
{"timestamp":"2026-02-26T10:08:29.507967Z","level":"info","event":"\u001b[0m10:08:29  2 of 2 START sql view model staging.src_coingecko_historical_prices ............ [RUN]","logger":"airflow.task.hooks.airflow.providers.standard.hooks.subprocess.SubprocessHook","filename":"subprocess.py","lineno":99}
{"timestamp":"2026-02-26T10:08:30.003970Z","level":"info","event":"\u001b[0m10:08:30  2 of 2 OK created sql view model staging.src_coingecko_historical_prices ....... [\u001b[32mSUCCESS 1\u001b[0m in 0.49s]","logger":"airflow.task.hooks.airflow.providers.standard.hooks.subprocess.SubprocessHook","filename":"subprocess.py","lineno":99}
{"timestamp":"2026-02-26T10:08:30.152481Z","level":"info","event":"\u001b[0m10:08:30","logger":"airflow.task.hooks.airflow.providers.standard.hooks.subprocess.SubprocessHook","filename":"subprocess.py","lineno":99}
{"timestamp":"2026-02-26T10:08:30.153728Z","level":"info","event":"\u001b[0m10:08:30  Finished running 1 incremental model, 1 view model in 0 hours 0 minutes and 4.95 seconds (4.95s).","logger":"airflow.task.hooks.airflow.providers.standard.hooks.subprocess.SubprocessHook","filename":"subprocess.py","lineno":99}
{"timestamp":"2026-02-26T10:08:30.229948Z","level":"info","event":"\u001b[0m10:08:30","logger":"airflow.task.hooks.airflow.providers.standard.hooks.subprocess.SubprocessHook","filename":"subprocess.py","lineno":99}
{"timestamp":"2026-02-26T10:08:30.230134Z","level":"info","event":"\u001b[0m10:08:30  \u001b[32mCompleted successfully\u001b[0m","logger":"airflow.task.hooks.airflow.providers.standard.hooks.subprocess.SubprocessHook","filename":"subprocess.py","lineno":99}
{"timestamp":"2026-02-26T10:08:30.230289Z","level":"info","event":"\u001b[0m10:08:30","logger":"airflow.task.hooks.airflow.providers.standard.hooks.subprocess.SubprocessHook","filename":"subprocess.py","lineno":99}
{"timestamp":"2026-02-26T10:08:30.230465Z","level":"info","event":"\u001b[0m10:08:30  Done. PASS=2 WARN=0 ERROR=0 SKIP=0 NO-OP=0 TOTAL=2","logger":"airflow.task.hooks.airflow.providers.standard.hooks.subprocess.SubprocessHook","filename":"subprocess.py","lineno":99}
{"timestamp":"2026-02-26T10:08:30.615132Z","level":"info","event":"Command exited with return code 0","logger":"airflow.task.hooks.airflow.providers.standard.hooks.subprocess.SubprocessHook","filename":"subprocess.py","lineno":103}
{"timestamp":"2026-02-26T10:08:30.615430Z","level":"info","event":"Pushing xcom","ti":"RuntimeTaskInstance(id=UUID('019c9954-bef7-7a4d-9145-7e41aa30d1bb'), task_id='dbt_run', dag_id='crypto_data_pipeline', run_id='manual__2026-02-26T09:43:12+00:00', try_number=1, dag_version_id=UUID('019c996a-7777-7762-be57-8ebf551a8a7b'), map_index=-1, hostname='alis-macbook-pro.local', context_carrier={}, task=<Task(BashOperator): dbt_run>, bundle_instance=LocalDagBundle(name=dags-folder), max_tries=1, start_date=datetime.datetime(2026, 2, 26, 10, 8, 23, 661342, tzinfo=datetime.timezone.utc), end_date=None, state=<TaskInstanceState.RUNNING: 'running'>, is_mapped=False, rendered_map_index=None)","logger":"task","filename":"task_runner.py","lineno":1370}
