{"timestamp":"2026-02-26T22:06:39.003715Z","level":"info","event":"DAG bundles loaded: dags-folder","logger":"airflow.dag_processing.bundles.manager.DagBundlesManager","filename":"manager.py","lineno":179}
{"timestamp":"2026-02-26T22:06:39.003886Z","level":"info","event":"Filling up the DagBag from /Users/alikhanzadi/Desktop/Learn/Projects/coingecko_airflow_dbt/airflow_configs/dags/crypto_etl_dag.py","logger":"airflow.models.dagbag.DagBag","filename":"dagbag.py","lineno":593}
{"timestamp":"2026-02-26T22:06:39.018654Z","level":"info","event":"Tmp dir root location: /var/folders/d6/865x4f1101sbb9hn36jy_l4r0000gn/T","logger":"airflow.task.hooks.airflow.providers.standard.hooks.subprocess.SubprocessHook","filename":"subprocess.py","lineno":78}
{"timestamp":"2026-02-26T22:06:39.018789Z","level":"info","event":"Running command: ['/bin/bash', '-c', 'cd /Users/alikhanzadi/Desktop/Learn/Projects/coingecko_airflow_dbt/coingecko_dbt && dbt run']","logger":"airflow.task.hooks.airflow.providers.standard.hooks.subprocess.SubprocessHook","filename":"subprocess.py","lineno":80}
{"timestamp":"2026-02-26T22:06:39.020873Z","level":"info","event":"Output:","logger":"airflow.task.hooks.airflow.providers.standard.hooks.subprocess.SubprocessHook","filename":"subprocess.py","lineno":92}
{"timestamp":"2026-02-26T22:06:39.629416Z","level":"info","event":"\u001b[0m22:06:39  Running with dbt=1.10.15","logger":"airflow.task.hooks.airflow.providers.standard.hooks.subprocess.SubprocessHook","filename":"subprocess.py","lineno":99}
{"timestamp":"2026-02-26T22:06:39.982286Z","level":"info","event":"\u001b[0m22:06:39  Registered adapter: snowflake=1.10.3","logger":"airflow.task.hooks.airflow.providers.standard.hooks.subprocess.SubprocessHook","filename":"subprocess.py","lineno":99}
{"timestamp":"2026-02-26T22:06:40.184356Z","level":"info","event":"\u001b[0m22:06:40  Found 2 models, 1 source, 505 macros","logger":"airflow.task.hooks.airflow.providers.standard.hooks.subprocess.SubprocessHook","filename":"subprocess.py","lineno":99}
{"timestamp":"2026-02-26T22:06:40.185177Z","level":"info","event":"\u001b[0m22:06:40","logger":"airflow.task.hooks.airflow.providers.standard.hooks.subprocess.SubprocessHook","filename":"subprocess.py","lineno":99}
{"timestamp":"2026-02-26T22:06:40.185320Z","level":"info","event":"\u001b[0m22:06:40  Concurrency: 1 threads (target='dev')","logger":"airflow.task.hooks.airflow.providers.standard.hooks.subprocess.SubprocessHook","filename":"subprocess.py","lineno":99}
{"timestamp":"2026-02-26T22:06:40.185447Z","level":"info","event":"\u001b[0m22:06:40","logger":"airflow.task.hooks.airflow.providers.standard.hooks.subprocess.SubprocessHook","filename":"subprocess.py","lineno":99}
{"timestamp":"2026-02-26T22:06:41.670614Z","level":"info","event":"\u001b[0m22:06:41  1 of 2 START sql incremental model marts.fact_crypto_prices .................... [RUN]","logger":"airflow.task.hooks.airflow.providers.standard.hooks.subprocess.SubprocessHook","filename":"subprocess.py","lineno":99}
{"timestamp":"2026-02-26T22:06:44.880319Z","level":"info","event":"\u001b[0m22:06:44  1 of 2 OK created sql incremental model marts.fact_crypto_prices ............... [\u001b[32mSUCCESS 730\u001b[0m in 3.20s]","logger":"airflow.task.hooks.airflow.providers.standard.hooks.subprocess.SubprocessHook","filename":"subprocess.py","lineno":99}
{"timestamp":"2026-02-26T22:06:44.882065Z","level":"info","event":"\u001b[0m22:06:44  2 of 2 START sql view model staging.src_coingecko_historical_prices ............ [RUN]","logger":"airflow.task.hooks.airflow.providers.standard.hooks.subprocess.SubprocessHook","filename":"subprocess.py","lineno":99}
{"timestamp":"2026-02-26T22:06:45.305153Z","level":"info","event":"\u001b[0m22:06:45  2 of 2 OK created sql view model staging.src_coingecko_historical_prices ....... [\u001b[32mSUCCESS 1\u001b[0m in 0.42s]","logger":"airflow.task.hooks.airflow.providers.standard.hooks.subprocess.SubprocessHook","filename":"subprocess.py","lineno":99}
{"timestamp":"2026-02-26T22:06:45.456241Z","level":"info","event":"\u001b[0m22:06:45","logger":"airflow.task.hooks.airflow.providers.standard.hooks.subprocess.SubprocessHook","filename":"subprocess.py","lineno":99}
{"timestamp":"2026-02-26T22:06:45.457167Z","level":"info","event":"\u001b[0m22:06:45  Finished running 1 incremental model, 1 view model in 0 hours 0 minutes and 5.27 seconds (5.27s).","logger":"airflow.task.hooks.airflow.providers.standard.hooks.subprocess.SubprocessHook","filename":"subprocess.py","lineno":99}
{"timestamp":"2026-02-26T22:06:45.537220Z","level":"info","event":"\u001b[0m22:06:45","logger":"airflow.task.hooks.airflow.providers.standard.hooks.subprocess.SubprocessHook","filename":"subprocess.py","lineno":99}
{"timestamp":"2026-02-26T22:06:45.537406Z","level":"info","event":"\u001b[0m22:06:45  \u001b[32mCompleted successfully\u001b[0m","logger":"airflow.task.hooks.airflow.providers.standard.hooks.subprocess.SubprocessHook","filename":"subprocess.py","lineno":99}
{"timestamp":"2026-02-26T22:06:45.537562Z","level":"info","event":"\u001b[0m22:06:45","logger":"airflow.task.hooks.airflow.providers.standard.hooks.subprocess.SubprocessHook","filename":"subprocess.py","lineno":99}
{"timestamp":"2026-02-26T22:06:45.537734Z","level":"info","event":"\u001b[0m22:06:45  Done. PASS=2 WARN=0 ERROR=0 SKIP=0 NO-OP=0 TOTAL=2","logger":"airflow.task.hooks.airflow.providers.standard.hooks.subprocess.SubprocessHook","filename":"subprocess.py","lineno":99}
{"timestamp":"2026-02-26T22:06:46.072854Z","level":"info","event":"Command exited with return code 0","logger":"airflow.task.hooks.airflow.providers.standard.hooks.subprocess.SubprocessHook","filename":"subprocess.py","lineno":103}
{"timestamp":"2026-02-26T22:06:46.073227Z","level":"info","event":"Pushing xcom","ti":"RuntimeTaskInstance(id=UUID('019c9bfd-2a83-71e2-9b2e-11fe6946dc8f'), task_id='dbt_run', dag_id='crypto_data_pipeline', run_id='scheduled__2026-02-26T15:10:00+00:00', try_number=1, dag_version_id=UUID('019c9bfd-26ee-7902-a727-3ed279664c7f'), map_index=-1, hostname='alis-macbook-pro.local', context_carrier={}, task=<Task(BashOperator): dbt_run>, bundle_instance=LocalDagBundle(name=dags-folder), max_tries=1, start_date=datetime.datetime(2026, 2, 26, 22, 6, 38, 653786, tzinfo=datetime.timezone.utc), end_date=None, state=<TaskInstanceState.RUNNING: 'running'>, is_mapped=False, rendered_map_index=None)","logger":"task","filename":"task_runner.py","lineno":1370}
